// Jest Snapshot v1, https://goo.gl/fbAQLP

exports[`should render ExpenseDashboardPage corrently 1`] = `
<div>
  <p>
    This is from my dashborad component
  </p>
  <Connect(ExpenseListFilter) />
  <Connect(ExpenseList) />
</div>
`;
