// Jest Snapshot v1, https://goo.gl/fbAQLP

exports[`should render Header correctly 1`] = `
<header>
  <h1>
    Expensify
  </h1>
  <NavLink
    activeClassName="isactive"
    exact={true}
    to="/"
  >
    home
  </NavLink>
   /
  <NavLink
    activeClassName="isactive"
    to="/create"
  >
    Create
  </NavLink>
   /
  <NavLink
    activeClassName="isactive"
    to="/edit"
  >
    edit
  </NavLink>
   /
  <NavLink
    activeClassName="isactive"
    to="/help"
  >
    help
  </NavLink>
</header>
`;
