// Jest Snapshot v1, https://goo.gl/fbAQLP

exports[`Should render NotFoundPage corectly 1`] = `
<div>
  !404 page not found
  <Link
    replace={false}
    to="/"
  >
    Go home page
  </Link>
</div>
`;
